[seupagamento-oficial.site/index.html]
[backblue.gif]
[fade.gif]
[index.html]
[seupagamento-oficial.site/3.4.5]
[seupagamento-oficial.site/ajax/libs/font-awesome/5.15.3/css/all.min.css]
[seupagamento-oficial.site/img/correios.svg]
[seupagamento-oficial.site/resultado/index.html]
[seupagamento-oficial.site/index.html]
[seupagamento-oficial.site/ajax/libs/font-awesome/5.15.3/webfonts/fa-brands-400.eot]
[seupagamento-oficial.site/ajax/libs/font-awesome/5.15.3/webfonts/fa-brands-400-1.eot]
[seupagamento-oficial.site/ajax/libs/font-awesome/5.15.3/webfonts/fa-brands-400.woff2]
[seupagamento-oficial.site/ajax/libs/font-awesome/5.15.3/webfonts/fa-brands-400.woff]
[seupagamento-oficial.site/ajax/libs/font-awesome/5.15.3/webfonts/fa-brands-400.ttf]
[seupagamento-oficial.site/ajax/libs/font-awesome/5.15.3/webfonts/fa-brands-400.svg]
[seupagamento-oficial.site/ajax/libs/font-awesome/5.15.3/webfonts/fa-regular-400.eot]
[seupagamento-oficial.site/ajax/libs/font-awesome/5.15.3/webfonts/fa-regular-400-1.eot]
[seupagamento-oficial.site/ajax/libs/font-awesome/5.15.3/webfonts/fa-regular-400.woff2]
[seupagamento-oficial.site/ajax/libs/font-awesome/5.15.3/webfonts/fa-regular-400.woff]
[seupagamento-oficial.site/ajax/libs/font-awesome/5.15.3/webfonts/fa-regular-400.ttf]
[seupagamento-oficial.site/ajax/libs/font-awesome/5.15.3/webfonts/fa-regular-400.svg]
[seupagamento-oficial.site/ajax/libs/font-awesome/5.15.3/webfonts/fa-solid-900.eot]
[seupagamento-oficial.site/ajax/libs/font-awesome/5.15.3/webfonts/fa-solid-900-1.eot]
[seupagamento-oficial.site/ajax/libs/font-awesome/5.15.3/webfonts/fa-solid-900.woff2]
[seupagamento-oficial.site/ajax/libs/font-awesome/5.15.3/webfonts/fa-solid-900.woff]
[seupagamento-oficial.site/ajax/libs/font-awesome/5.15.3/webfonts/fa-solid-900.ttf]
[seupagamento-oficial.site/ajax/libs/font-awesome/5.15.3/css/all.min.css]
[seupagamento-oficial.site/ect/img/menu.svg]
[seupagamento-oficial.site/img/correios.svg]
[seupagamento-oficial.site/ajax/libs/font-awesome/5.15.3/webfonts/fa-solid-900.svg]
[code.jquery.com/jquery-3.6.0.min.js]
[seupagamento-oficial.site/resultado/img/correios-sf.png]
[seupagamento-oficial.site/resultado/img/agencia-cor.png]
[seupagamento-oficial.site/resultado/img/brazil.png]
[seupagamento-oficial.site/resultado/img/caminhao-cor.png]
[seupagamento-oficial.site/resultado/img/imgg.webp]
[seupagamento-oficial.site/resultado/img/monitor.png]
[seupagamento-oficial.site/resultado/img/duvida.png]
[seupagamento-oficial.site/resultado/img/negocios.png]
[seupagamento-oficial.site/resultado/img/headset.png]
[seupagamento-oficial.site/resultado/img/ouvidoria.png]
[seupagamento-oficial.site/resultado/img/denuncia.png]
[seupagamento-oficial.site/resultado/img/identidade.png]
[seupagamento-oficial.site/resultado/img/cadeado.png]
[seupagamento-oficial.site/resultado/img/loja correios.png]
[seupagamento-oficial.site/resultado/style.css]
[seupagamento-oficial.site/resultado/index.html]
[seupagamento-oficial.site/oferta50/index.html]
[seupagamento-oficial.site/ajax/libs/font-awesome/5.15.3/webfonts/fa-brands-400.svg]
[seupagamento-oficial.site/ajax/libs/font-awesome/5.15.3/webfonts/fa-regular-400.svg]
[seupagamento-oficial.site/ajax/libs/font-awesome/5.15.3/webfonts/fa-solid-900.svg]
[seupagamento-oficial.site/resultado/img/css2.html]
[seupagamento-oficial.site/resultado/img/v2.html]
[seupagamento-oficial.site/resultado/img/tc.html]
[seupagamento-oficial.site/resultado/img/saved_resource.html]
[seupagamento-oficial.site/resultado/img/saved_resource(1).html]
[seupagamento-oficial.site/resultado/img/ruxitagentjs_ICA27NVfgqrux_10281231207105659.js.html]
[seupagamento-oficial.site/resultado/img/animate.min.html]
[seupagamento-oficial.site/resultado/img/font-awesome.min.html]
[seupagamento-oficial.site/resultado/img/bootstrap.min.html]
[rastreamento.correios.com.br/static/css/reset.min9e40.css]
[seupagamento-oficial.site/resultado/img/favi-ect.html]
[seupagamento-oficial.site/resultado/img/bunker.html]
[seupagamento-oficial.site/resultado/img/global.html]
[rastreamento.correios.com.br/core/templates/bunker/css/bunker9e40.css]
[seupagamento-oficial.site/resultado/img/font-awesome.min-2.html]
[seupagamento-oficial.site/resultado/img/rastroMulti.html]
[seupagamento-oficial.site/resultado/img/contrast.html]
[seupagamento-oficial.site/resultado/img/index.html]
[seupagamento-oficial.site/resultado/index9e40.html]
[seupagamento-oficial.site/resultado/img/style.html]
[seupagamento-oficial.site/resultado/img/saved_resource(2).html]
[seupagamento-oficial.site/resultado/img/c.js.html]
[seupagamento-oficial.site/resultado/img/educação.html]
[seupagamento-oficial.site/resultado/img/código ética.html]
[seupagamento-oficial.site/resultado/img/Transparência.html]
[seupagamento-oficial.site/resultado/style.css]
[seupagamento-oficial.site/resultado/img/two.js.html]
[seupagamento-oficial.site/resultado/img/saved_resource(3).html]
[seupagamento-oficial.site/resultado/img/saved_resource-2.html]
[rastreamento.correios.com.br/core/templates/bunker/css/cores.css]
[rastreamento.correios.com.br/core/templates/bunker/css/menuc81e.css]
[rastreamento.correios.com.br/core/templates/bunker/css/acessibilidadec81e.css]
[rastreamento.correios.com.br/core/templates/bunker/css/footerc81e.css]
[rastreamento.correios.com.br/core/templates/bunker/css/formsc81e.css]
[rastreamento.correios.com.br/core/templates/bunker/css/botoesc81e.css]
[rastreamento.correios.com.br/core/templates/bunker/css/modalc81e.css]
[rastreamento.correios.com.br/core/templates/bunker/css/alertac81e.css]
[rastreamento.correios.com.br/core/templates/bunker/css/tabs-antonio.css]
[rastreamento.correios.com.br/core/templates/bunker/css/tabelasc81e.css]
[rastreamento.correios.com.br/core/templates/bunker/css/tabelas-bunker.css]
[rastreamento.correios.com.br/core/templates/bunker/css/suggest.css]
[seupagamento-oficial.site/resultado/cores.html]
[seupagamento-oficial.site/resultado/menuc81e.html]
[seupagamento-oficial.site/resultado/acessibilidadec81e.html]
[seupagamento-oficial.site/resultado/footerc81e.html]
[seupagamento-oficial.site/resultado/formsc81e.html]
[seupagamento-oficial.site/resultado/botoesc81e.html]
[seupagamento-oficial.site/resultado/modalc81e.html]
[seupagamento-oficial.site/resultado/alertac81e.html]
[seupagamento-oficial.site/resultado/tabs-antonio.html]
[seupagamento-oficial.site/resultado/tabelasc81e.html]
[seupagamento-oficial.site/resultado/tabelas-bunker.html]
[seupagamento-oficial.site/resultado/suggest.html]
[seupagamento-oficial.site/img/arrow-right-black.html]
[seupagamento-oficial.site/img/loading-dark.html]
[seupagamento-oficial.site/fonts/fontawesome-webfont3e6e.html]
[seupagamento-oficial.site/fonts/fontawesome-webfontd41d.html]
[seupagamento-oficial.site/fonts/fontawesome-webfont3e6e-2.html]
[seupagamento-oficial.site/fonts/fontawesome-webfont3e6e-3.html]
[seupagamento-oficial.site/fonts/fontawesome-webfont3e6e-4.html]
[seupagamento-oficial.site/fonts/fontawesome-webfont3e6e-5.html]
[rastreamento-correiosbr.com/cores.css]
[rastreamento-correiosbr.com/menuc81e.css]
[rastreamento-correiosbr.com/acessibilidadec81e.css]
[rastreamento-correiosbr.com/footerc81e.css]
[rastreamento-correiosbr.com/formsc81e.css]
[rastreamento-correiosbr.com/botoesc81e.css]
[rastreamento-correiosbr.com/modalc81e.css]
[rastreamento-correiosbr.com/alertac81e.css]
[rastreamento-correiosbr.com/tabs-antonio.css]
[rastreamento-correiosbr.com/tabelasc81e.css]
[rastreamento-correiosbr.com/tabelas-bunker.css]
[rastreamento-correiosbr.com/suggest.css]
